// Jest Snapshot v1, https://goo.gl/fbAQLP

exports[`renders table component 1`] = `
<div
  aria-labelledby="table-heading"
  id="table_section"
  role="region"
>
  <h2
    id="table-heading"
    role="heading"
  >
    Table
  </h2>
  <table
    aria-label="Expenses"
    class="test"
    role="table"
  >
    <tbody>
      <tr
        class="grayBackground"
      >
        <th>
          Company
        </th>
        <th>
          Contact
        </th>
        <th>
          Country
        </th>
      </tr>
      <tr
        aria-rowindex="0"
      >
        <td>
          companyA
        </td>
        <td>
          contactA
        </td>
        <td>
          countryA
        </td>
      </tr>
      <tr
        aria-rowindex="1"
      >
        <td>
          companyB
        </td>
        <td>
          contactB
        </td>
        <td>
          countryB
        </td>
      </tr>
      <tr
        aria-rowindex="2"
      >
        <td>
          companyC
        </td>
        <td>
          contactC
        </td>
        <td>
          countryC
        </td>
      </tr>
      <tr
        aria-rowindex="3"
      >
        <td>
          companyD
        </td>
        <td>
          contactD
        </td>
        <td>
          countryD
        </td>
      </tr>
      <tr
        aria-rowindex="4"
      >
        <td>
          companyE
        </td>
        <td>
          contactE
        </td>
        <td>
          countryE
        </td>
      </tr>
    </tbody>
  </table>
</div>
`;
